0a1,2
> [1242949698] LOG ROTATION: HOURLY
> [1242949698] LOG VERSION: 2.0
